CREATE TABLE accounts (
account_id INT AUTO_INCREMENT PRIMARY KEY,
first_name VARCHAR(50) NOT NULL,
middle_name VARCHAR(50),
last_name VARCHAR(50) NOT NULL,
email VARCHAR(50) NOT NULL,
address VARCHAR(100) NOT NULL,
username VARCHAR(30) NOT NULL,
password VARCHAR(255) NOT NULL,
gender ENUM("Male", "Female") NOT NULL,
account_type ENUM("Admin", "User") NOT NULL,
date_of_birth DATE NOT NULL

);

CREATE TABLE suppliers (
supplier_id INT AUTO_INCREMENT PRIMARY KEY,
name VARCHAR(50) NOT NULL,
email VARCHAR(50) NOT NULL,
contact_person VARCHAR(50) NOT NULL,
address VARCHAR(50) NOT NULL,
payment_terms VARCHAR(30) NOT NULL
);

CREATE TABLE company (
company_id INT AUTO_INCREMENT PRIMARY KEY,
name VARCHAR(50) NOT NULL
);

CREATE TABLE categories (
category_id INT AUTO_INCREMENT PRIMARY KEY,
name VARCHAR(50) NOT NULL,
description VARCHAR(150) NOT NULL
);

CREATE TABLE warehouse (
warehouse_id INT AUTO_INCREMENT PRIMARY KEY,
name VARCHAR(50) NOT NULL,
max_stock_level INT NOT NULL,
address VARCHAR(100) NOT NULL,
warehouse_manager VARCHAR(50) NOT NULL,
status ENUM('Active', 'Inactive') NOT NULL
);


CREATE TABLE items (
item_id INT AUTO_INCREMENT PRIMARY KEY, 
name VARCHAR(50) NOT NULL,
costPrice DOUBLE NOT NULL,
quantity INT NOT NULL,
unitPrice DOUBLE NOT NULL,
sku VARCHAR(30) NOT NULL,
reorderLevel INT NOT NULL,
status ENUM("Active", "Inactive") NOT NULL,
supplier_id INT NOT NULL,
category_id INT NOT NULL,
warehouse_id INT NOT NULL,

FOREIGN KEY (supplier_id) REFERENCES suppliers(supplier_id),
FOREIGN KEY (category_id) REFERENCES categories(category_id),
FOREIGN KEY (warehouse_id) REFERENCES warehouse(warehouse_id)
);

INSERT INTO accounts (


networking for a while

ROUTER:

Router>enable
Router#configure terminal
Enter configuration commands, one per line.  End with CNTL/Z.
Router(config)#interface GigabitEthernet0/0/0
Router(config-if)#no shutdown

Router(config-if)#
%LINK-5-CHANGED: Interface GigabitEthernet0/0/0, changed state to up

%LINEPROTO-5-UPDOWN: Line protocol on Interface GigabitEthernet0/0/0, changed state to up
exit
Router(config)#interface GigabitEthernet0/0/0.10
Router(config-subif)#
%LINK-5-CHANGED: Interface GigabitEthernet0/0/0.10, changed state to up

%LINEPROTO-5-UPDOWN: Line protocol on Interface GigabitEthernet0/0/0.10, changed state to up
encapsulation dot1Q 10
Router(config-subif)#ip address 192.168.10.1 255.255.255.0
Router(config-subif)#no shutdown
Router(config-subif)#exit
Router(config)#interface GigabitEthernet0/0/0.20
Router(config-subif)#
%LINK-5-CHANGED: Interface GigabitEthernet0/0/0.20, changed state to up

%LINEPROTO-5-UPDOWN: Line protocol on Interface GigabitEthernet0/0/0.20, changed state to up
encapsulation dot1Q 20
Router(config-subif)#ip address 192.168.20.1 255.255.255.0
Router(config-subif)#no shutdown
Router(config-subif)#exit
Router(config)#^Z
Router#
%SYS-5-CONFIG_I: Configured from console by console
write memory
Building configuration...
[OK]
Router#show ip interface brief
Interface              IP-Address      OK? Method Status                Protocol 
GigabitEthernet0/0/0   unassigned      YES unset  up                    up 
GigabitEthernet0/0/0.10192.168.10.1    YES manual up                    up 
GigabitEthernet0/0/0.20192.168.20.1    YES manual up                    up 
GigabitEthernet0/0/1   unassigned      YES unset  administratively down down 
GigabitEthernet0/0/2   unassigned      YES unset  administratively down down 
Vlan1                  unassigned      YES unset  administratively down down
Router#configure terminal
Enter configuration commands, one per line.  End with CNTL/Z.
Router(config)#interface GigabitEthernet0/0/0.20
Router(config-subif)#encapsulation dot2Q 20
                                      ^
% Invalid input detected at '^' marker.
	
Router(config-subif)#^Z
Router#
%SYS-5-CONFIG_I: Configured from console by console
configure terminal
Enter configuration commands, one per line.  End with CNTL/Z.
Router(config)#show ip interface brief
                ^
% Invalid input detected at '^' marker.
	
Router(config)#show ip interface brief
                ^
% Invalid input detected at '^' marker.
	
Router(config)#exit
Router#
%SYS-5-CONFIG_I: Configured from console by console
show ip interface brief
Interface              IP-Address      OK? Method Status                Protocol 
GigabitEthernet0/0/0   unassigned      YES unset  up                    up 
GigabitEthernet0/0/0.10192.168.10.1    YES manual up                    up 
GigabitEthernet0/0/0.20192.168.20.1    YES manual up                    up 
GigabitEthernet0/0/1   unassigned      YES unset  administratively down down 
GigabitEthernet0/0/2   unassigned      YES unset  administratively down down 
Vlan1                  unassigned      YES unset  administratively down down
Router#
Router#
Router#vlan database
% Warning: It is recommended to configure VLAN from config mode,
  as VLAN database mode is being deprecated. Please consult user
  documentation for configuring VTP/VLAN in config mode.

Router(vlan)#
Router(vlan)#exit
APPLY completed.
Exiting....
Router#configure terminal
Enter configuration commands, one per line.  End with CNTL/Z.
Router(config)#interface GigabitEthernet0/0/0
Router(config-if)#
Router(config-if)#exit
Router(config)#interface GigabitEthernet0/0/1
Router(config-if)#
Router(config-if)#exit
Router(config)#interface GigabitEthernet0/0/2
Router(config-if)#
Router(config-if)#exit
Router(config)#interface GigabitEthernet0/0/0
Router(config-if)#
Router(config-if)#exit
Router(config)#interface GigabitEthernet0/0/0
Router(config-if)#
Router(config-if)#exit
Router(config)#
Router(config)#
Router(config)#
Router(config)#
Router(config)#interface GigabitEthernet0/0/0
Router(config-if)#
Router(config-if)#exit
Router(config)#interface GigabitEthernet0/0/1
Router(config-if)#
Router(config-if)#exit
Router(config)#interface GigabitEthernet0/0/0
Router(config-if)#
Router(config-if)#exit
Router(config)#interface GigabitEthernet0/0/1
Router(config-if)#
Router(config-if)#exit
Router(config)#interface GigabitEthernet0/0/0
Router(config-if)#
Router(config-if)#exit
Router(config)#interface GigabitEthernet0/0/2
Router(config-if)#
Router(config-if)#exit
Router(config)#interface GigabitEthernet0/0/1
Router(config-if)#
Router(config-if)#exit
Router(config)#interface GigabitEthernet0/0/0
Router(config-if)#exit
Router(config)#^Z
Router#
%SYS-5-CONFIG_I: Configured from console by console
ip routing
          ^
% Invalid input detected at '^' marker.
	
Router#ip routing
          ^
% Invalid input detected at '^' marker.
	
Router#enable
Router#ip routing
          ^
% Invalid input detected at '^' marker.
	
Router#configure terminal
Enter configuration commands, one per line.  End with CNTL/Z.
Router(config)#interface gi0/1
%Invalid interface type and number
Router(config)#interface GigabitEthernet0/0/0
Router(config-if)#switchport mode trunk
                   ^
% Invalid input detected at '^' marker.
	
Router(config-if)#exit
Router(config)#exit
Router#
%SYS-5-CONFIG_I: Configured from console by console
enable
Router#configure terminal
Enter configuration commands, one per line.  End with CNTL/Z.
Router(config)#interface Gigabit0/0/0.10
Router(config-subif)#ip address 192.168.20.1
% Incomplete command.
Router(config-subif)#exit
Router(config)#interface GigabitEthernet0/0/0.10
Router(config-subif)#exit
Router(config)#interface GigabitEthernet0/0/0.20
Router(config-subif)#no shutdown
Router(config-subif)#exit
Router(config)#exit
Router#
%SYS-5-CONFIG_I: Configured from console by console
enable
Router#configure terminal
Enter configuration commands, one per line.  End with CNTL/Z.
Router(config)#interface GigabitEthernet0/0/0.10
Router(config-subif)#encapsulation dot1Q 10
Router(config-subif)#ip address 192.168.10.1 255.255.255.0
Router(config-subif)#no shutdown
Router(config-subif)#interface GigabitEthernet0/0/0.20
Router(config-subif)#encapsulation dot1Q 20
Router(config-subif)#ip address 192.168.20.1 255.255.255.0
Router(config-subif)#no shutdown
Router(config-subif)#exit
Router(config)#exit
Router#
%SYS-5-CONFIG_I: Configured from console by console
show ip interface brief
Interface              IP-Address      OK? Method Status                Protocol 
GigabitEthernet0/0/0   unassigned      YES unset  up                    up 
GigabitEthernet0/0/0.10192.168.10.1    YES manual up                    up 
GigabitEthernet0/0/0.20192.168.20.1    YES manual up                    up 
GigabitEthernet0/0/1   unassigned      YES unset  administratively down down 
GigabitEthernet0/0/2   unassigned      YES unset  administratively down down 
Vlan1                  unassigned      YES unset  administratively down down
Router#


%LINK-5-CHANGED: Interface FastEthernet0/3, changed state to up

%LINEPROTO-5-UPDOWN: Line protocol on Interface FastEthernet0/3, changed state to up

%LINK-5-CHANGED: Interface FastEthernet0/4, changed state to up

%LINEPROTO-5-UPDOWN: Line protocol on Interface FastEthernet0/4, changed state to up

%LINK-5-CHANGED: Interface FastEthernet0/5, changed state to up

%LINEPROTO-5-UPDOWN: Line protocol on Interface FastEthernet0/5, changed state to up


Switch>enable
Switch#configure terminal
Enter configuration commands, one per line.  End with CNTL/Z.
Switch(config)#vlan 10
Switch(config-vlan)#name VLAN_10
Switch(config-vlan)#vlan 20
Switch(config-vlan)#name VLAN_20
Switch(config-vlan)#exit
Switch(config)#interface FastEthernet0/2
Switch(config-if)#switchport mode access
Switch(config-if)#switchport access vlan 10
Switch(config-if)#exit
Switch(config)#interface FastEthernet0/3
Switch(config-if)#switchport mode access
Switch(config-if)#switchport access vlan 10
Switch(config-if)#exit
Switch(config)#interface FastEthernet0/4
Switch(config-if)#switchport mode access
Switch(config-if)#switchport access vlan 20
Switch(config-if)#exit
Switch(config)#interface FastEthernet0/5
Switch(config-if)#switchport mode access
Switch(config-if)#switchport access vlan 20
Switch(config-if)#exit
Switch(config)#^Z
Switch#
%SYS-5-CONFIG_I: Configured from console by console
write memory
Building configuration...
[OK]
Switch#
%LINK-5-CHANGED: Interface FastEthernet0/1, changed state to up

%LINEPROTO-5-UPDOWN: Line protocol on Interface FastEthernet0/1, changed state to up









Switch con0 is now available






Press RETURN to get started.













Switch>show vlan brief

VLAN Name                             Status    Ports
---- -------------------------------- --------- -------------------------------
1    default                          active    Fa0/1, Fa0/6, Fa0/7, Fa0/8
                                                Fa0/9, Fa0/10, Fa0/11, Fa0/12
                                                Fa0/13, Fa0/14, Fa0/15, Fa0/16
                                                Fa0/17, Fa0/18, Fa0/19, Fa0/20
                                                Fa0/21, Fa0/22, Fa0/23, Fa0/24
                                                Gig0/1, Gig0/2
10   VLAN_10                          active    Fa0/2, Fa0/3
20   VLAN_20                          active    Fa0/4, Fa0/5
1002 fddi-default                     active    
1003 token-ring-default               active    
1004 fddinet-default                  active    
1005 trnet-default                    active    
Switch>
%LINK-3-UPDOWN: Interface FastEthernet0/1, changed state to down

%LINEPROTO-5-UPDOWN: Line protocol on Interface FastEthernet0/1, changed state to down

%LINK-5-CHANGED: Interface FastEthernet0/1, changed state to up

%LINEPROTO-5-UPDOWN: Line protocol on Interface FastEthernet0/1, changed state to up









Switch con0 is now available






Press RETURN to get started.













Switch>interface gi0/1
                 ^
% Invalid input detected at '^' marker.
	
Switch>enable
Switch#interface gi0/1
                 ^
% Invalid input detected at '^' marker.
	
Switch#interface gi0/0/0
                 ^
% Invalid input detected at '^' marker.
	
Switch#interface GigabitEthernet0/0/0
                 ^
% Invalid input detected at '^' marker.
	
Switch#configure terminal
Enter configuration commands, one per line.  End with CNTL/Z.
Switch(config)#interface GigabitEthernet0/0/0
                                          ^
% Invalid input detected at '^' marker.
	
Switch(config)#interface gi0/1
Switch(config-if)#switchport mode trunk
Switch(config-if)#switchport trunk allowed vlan 10, 20
                                                    ^
% Invalid input detected at '^' marker.
	
Switch(config-if)#switchport trunk allowed vlan 10,20
Switch(config-if)#exit
Switch(config)#exit
Switch#
%SYS-5-CONFIG_I: Configured from console by console
ip routing
          ^
% Invalid input detected at '^' marker.
	
Switch#enable
Switch#configure terminal
Enter configuration commands, one per line.  End with CNTL/Z.
Switch(config)#ip routing
                  ^
% Invalid input detected at '^' marker.
	
Switch(config)#exit
Switch#
%SYS-5-CONFIG_I: Configured from console by console
show vlan brief

VLAN Name                             Status    Ports
---- -------------------------------- --------- -------------------------------
1    default                          active    Fa0/1, Fa0/6, Fa0/7, Fa0/8
                                                Fa0/9, Fa0/10, Fa0/11, Fa0/12
                                                Fa0/13, Fa0/14, Fa0/15, Fa0/16
                                                Fa0/17, Fa0/18, Fa0/19, Fa0/20
                                                Fa0/21, Fa0/22, Fa0/23, Fa0/24
                                                Gig0/1, Gig0/2
10   VLAN_10                          active    Fa0/2, Fa0/3
20   VLAN_20                          active    Fa0/4, Fa0/5
1002 fddi-default                     active    
1003 token-ring-default               active    
1004 fddinet-default                  active    
1005 trnet-default                    active    
Switch#show interface trunk


Switch#enable
Switch#conf